[~/Code/test]$ git log
commit c88032c5824a7f25a5fe85f04abc6fad134f0c2d
Author: Gargamel <david.evans@greenmangaming.com>
Date:   Tue Mar 12 15:06:20 2013 +0000
...

[~/Code/test]$ git status
# On branch wiki
nothing to commit, working directory clean
[~/Code/test]$ git fetch origin
[~/Code/test]$ git rebase origin/master # or git rebase origin/staging
[~/Code/test]$ git mergetool
[~/Code/test]$ git rebase --continue

git rebase --abort

[~/Code/test]$ git push origin HEAD:refs/for/master

[~/Code/test]$ git push origin HEAD:refs/for/staging

[~/Code/test]$ git push origin HEAD:refs/for/master
Counting objects: 5, done.
Delta compression using up to 4 threads.
Compressing objects: 100% (2/2), done.
Writing objects: 100% (3/3), 340 bytes, done.
Total 3 (delta 1), reused 0 (delta 0)
remote: Resolving deltas: 100% (1/1)
remote: Processing changes: new: 1, refs: 1, done   
remote:
remote: New Changes:
remote:   http://stash:8080/4
remote:
To ssh://leepa@stash:29418/test.git
 * [new branch]      HEAD -> refs/for/master